$ git branch
* master
  moma
  whitney
$ git branch -d moma
error: The branch 'moma' is not fully merged.
If you are sure you want to delete it, run 'git branch -D moma'.
$ git branch -D moma
Deleted branch moma (was 978e5a1).
$ git branch -D whitney
Deleted branch whitney (was 9b384f9).
$ git branch unordered-list
$ git checkout unordered-list
Switched to branch 'unordered-list'
$ git add index.html
$ git commit -m "firt commit to unordered-list"
[unordered-list 944ae69] firt commit to unordered-list
 1 file changed, 6 insertions(+), 1 deletion(-)
$ git checkout master
Switched to branch 'master'
$ git merge unordered-list
Updating 1481f5a..944ae69
Fast-forward
 index.html | 7 ++++++-
 1 file changed, 6 insertions(+), 1 deletion(-)
$ git branch big-heading
$ git checkout big-heading
Switched to branch 'big-heading'
$ git add index.html 
$ git commit -m "first commit to big-heading"
[big-heading 980943d] first commit to big-heading
 1 file changed, 1 insertion(+), 1 deletion(-)
$ git checkout master
Switched to branch 'master'
$ git merge big-heading
Updating 944ae69..980943d
Fast-forward
 index.html | 2 +-
 1 file changed, 1 insertion(+), 1 deletion(-)
$ 